 cand_name1 | cand_name2 
------------+------------
(0 rows)

